// Jest Snapshot v1, https://goo.gl/fbAQLP

exports[`Henlo 1`] = `
<div
  className="BlogList__Main"
/>
`;
